// Jest Snapshot v1, https://goo.gl/fbAQLP

exports[`<TextField /> Renders with error 1`] = `
<div
  class="sc-jSUZER hHtRdF"
>
  <label
    class="sc-dkrFOg gYrCcK"
    for="TextField"
  >
    TextField
  </label>
  <div
    class="sc-bcXHqe kILREK"
  >
    <div
      class="sc-hLBbgP jWlcTc"
    >
      <svg
        data-testid="icon"
        fill="currentColor"
        height="1em"
        stroke="currentColor"
        stroke-width="0"
        viewBox="0 0 24 24"
        width="1em"
        xmlns="http://www.w3.org/2000/svg"
      >
        <path
          d="M0 0h24v24H0V0z"
          fill="none"
        />
        <path
          d="M20 4H4c-1.1 0-1.99.9-1.99 2L2 18c0 1.1.9 2 2 2h16c1.1 0 2-.9 2-2V6c0-1.1-.9-2-2-2zm0 14H4V8l8 5 8-5v10zm-8-7L4 6h16l-8 5z"
        />
      </svg>
    </div>
    <input
      class="sc-gswNZR egUZWG"
      type="text"
      value=""
    />
  </div>
  <p
    class="sc-eDvSVe lgINAS"
  >
    Error message
  </p>
</div>
`;
