// Jest Snapshot v1, https://goo.gl/fbAQLP

exports[`<ProfileMenu/> should render the menu 1`] = `
<nav
  class="sc-bcXHqe eYoehK"
>
  <a
    class="sc-gswNZR gjuVcZ"
    href="/profile/me"
    title="My profile"
  >
    <svg
      fill="currentColor"
      height="24"
      stroke="currentColor"
      stroke-width="0"
      viewBox="0 0 24 24"
      width="24"
      xmlns="http://www.w3.org/2000/svg"
    >
      <path
        d="M0 0h24v24H0z"
        fill="none"
      />
      <path
        d="M12 2C6.48 2 2 6.48 2 12s4.48 10 10 10 10-4.48 10-10S17.52 2 12 2zm0 3c1.66 0 3 1.34 3 3s-1.34 3-3 3-3-1.34-3-3 1.34-3 3-3zm0 14.2a7.2 7.2 0 01-6-3.22c.03-1.99 4-3.08 6-3.08 1.99 0 5.97 1.09 6 3.08a7.2 7.2 0 01-6 3.22z"
      />
    </svg>
    <span>
      My Profile
    </span>
  </a>
  <a
    class="sc-gswNZR gjuVcZ"
    href="/profile/cards"
    title="My cards"
  >
    <svg
      fill="currentColor"
      height="24"
      stroke="currentColor"
      stroke-width="0"
      viewBox="0 0 24 24"
      width="24"
      xmlns="http://www.w3.org/2000/svg"
    >
      <path
        d="M0 0h24v24H0z"
        fill="none"
      />
      <path
        d="M20 4H4c-1.11 0-1.99.89-1.99 2L2 18c0 1.11.89 2 2 2h16c1.11 0 2-.89 2-2V6c0-1.11-.89-2-2-2zm0 14H4v-6h16v6zm0-10H4V6h16v2z"
      />
    </svg>
    <span>
      My Cards
    </span>
  </a>
  <a
    class="sc-gswNZR gjuVcZ"
    href="/profile/orders"
    title="My orders"
  >
    <svg
      fill="currentColor"
      height="24"
      stroke="currentColor"
      stroke-width="0"
      viewBox="0 0 24 24"
      width="24"
      xmlns="http://www.w3.org/2000/svg"
    >
      <path
        d="M0 0h24v24H0V0z"
        fill="none"
      />
      <path
        d="M4 10.5c-.83 0-1.5.67-1.5 1.5s.67 1.5 1.5 1.5 1.5-.67 1.5-1.5-.67-1.5-1.5-1.5zm0-6c-.83 0-1.5.67-1.5 1.5S3.17 7.5 4 7.5 5.5 6.83 5.5 6 4.83 4.5 4 4.5zm0 12c-.83 0-1.5.68-1.5 1.5s.68 1.5 1.5 1.5 1.5-.68 1.5-1.5-.67-1.5-1.5-1.5zM7 19h14v-2H7v2zm0-6h14v-2H7v2zm0-8v2h14V5H7z"
      />
    </svg>
    <span>
      My Orders
    </span>
  </a>
  <a
    class="sc-gswNZR gjuVcZ"
    href="/logout"
  >
    <svg
      fill="currentColor"
      height="24"
      stroke="currentColor"
      stroke-width="0"
      viewBox="0 0 24 24"
      width="24"
      xmlns="http://www.w3.org/2000/svg"
    >
      <path
        d="M0 0h24v24H0z"
        fill="none"
      />
      <path
        d="M10.09 15.59L11.5 17l5-5-5-5-1.41 1.41L12.67 11H3v2h9.67l-2.58 2.59zM19 3H5a2 2 0 00-2 2v4h2V5h14v14H5v-4H3v4a2 2 0 002 2h14c1.1 0 2-.9 2-2V5c0-1.1-.9-2-2-2z"
      />
    </svg>
    <span>
      Sign out
    </span>
  </a>
</nav>
`;
